../Core/Src/main.c:93:6:saturation	16	static
../Core/Src/main.c:106:5:main	8	static
../Core/Src/main.c:174:6:SystemClock_Config	88	static
../Core/Src/main.c:220:13:MX_ADC1_Init	24	static
../Core/Src/main.c:267:13:MX_I2C1_Init	8	static
../Core/Src/main.c:301:13:MX_TIM2_Init	32	static
../Core/Src/main.c:346:13:MX_TIM3_Init	64	static
../Core/Src/main.c:405:13:MX_USART2_UART_Init	8	static
../Core/Src/main.c:438:13:MX_GPIO_Init	40	static
../Core/Src/main.c:472:6:HAL_TIM_PeriodElapsedCallback	88	static
../Core/Src/main.c:495:6:HAL_UART_RxCpltCallback	24	static
../Core/Src/main.c:512:6:HAL_ADC_ConvCpltCallback	24	static
../Core/Src/main.c:529:6:Error_Handler	4	static,ignoring_inline_asm
