../Core/Src/main.c:90:6:saturation	16	static
../Core/Src/main.c:103:5:main	8	static
../Core/Src/main.c:160:6:SystemClock_Config	88	static
../Core/Src/main.c:206:13:MX_ADC1_Init	24	static
../Core/Src/main.c:253:13:MX_I2C1_Init	8	static
../Core/Src/main.c:287:13:MX_TIM2_Init	32	static
../Core/Src/main.c:332:13:MX_TIM3_Init	64	static
../Core/Src/main.c:391:13:MX_USART2_UART_Init	8	static
../Core/Src/main.c:424:13:MX_GPIO_Init	40	static
../Core/Src/main.c:458:6:HAL_TIM_PeriodElapsedCallback	88	static
../Core/Src/main.c:480:6:HAL_UART_RxCpltCallback	24	static
../Core/Src/main.c:497:6:HAL_ADC_ConvCpltCallback	24	static
../Core/Src/main.c:514:6:Error_Handler	4	static,ignoring_inline_asm
